[dotenv@17.2.3] injecting env (3) from .env -- tip: ΓÜÖ∩╕Å  enable debug logging with { debug: true }
Token: eyJhbGciOiJIUzI1NiIs...
faculty/all Status: 200
faculty/all Response: {"success":true,"data":[{"id":11,"name":"Akash Sir","college_id":"SLRTCE05","email":"akash@gmail.com","phone":"9130970145","subject_ids":[5]},{"id":10
subjects/all Status: 200
subjects/all Response: {"success":true,"data":[{"id":4,"code":"MDM","name":"Agentic AI","type":"theory","lectures_per_week":4,"created_at":"2026-02-24T11:46:52.006Z","facult
